BL51 BANKED LINKER/LOCATER V6.22.2.0                                                    05/04/2023  21:03:41  PAGE 1


BL51 BANKED LINKER/LOCATER V6.22.2.0, INVOKED BY:
C:\KEIL_V5\C51\BIN\BL51.EXE .\Objects\code_clock_work.obj TO .\Objects\dg_test PRINT (.\Listings\dg_test.m51) RAMSIZE (2
>> 56)


INPUT MODULES INCLUDED:
  .\Objects\code_clock_work.obj (CODE_CLOCK_WORK)


LINK MAP OF MODULE:  .\Objects\dg_test (CODE_CLOCK_WORK)


            TYPE    BASE      LENGTH    RELOCATION   SEGMENT NAME
            -----------------------------------------------------

            * * * * * * *   D A T A   M E M O R Y   * * * * * * *
            REG     0000H     0008H     ABSOLUTE     "REG BANK 0"

            * * * * * * *   C O D E   M E M O R Y   * * * * * * *
            CODE    0000H     030AH     ABSOLUTE     



SYMBOL TABLE OF MODULE:  .\Objects\dg_test (CODE_CLOCK_WORK)

  VALUE           TYPE          NAME
  ----------------------------------

  -------         MODULE        CODE_CLOCK_WORK
  C:00FAH         SYMBOL        AGAIN1
  C:00F8H         SYMBOL        AGAIN2
  C:0003H         SYMBOL        ALARM_ST
  C:00A9H         SYMBOL        DECRE_H1_1
  C:00A5H         SYMBOL        DECRE_TH0
  C:009DH         SYMBOL        DECRE_TH1
  C:00F4H         SYMBOL        DELAY
  C:003AH         SYMBOL        DISPLAY
  C:0083H         SYMBOL        INCRE_H1_1
  C:007BH         SYMBOL        INCRE_H1_2
  C:0073H         SYMBOL        INCRE_H2
  C:0050H         SYMBOL        L1
  C:00B5H         SYMBOL        LOOP
  C:0012H         SYMBOL        MAIN
  C:0300H         SYMBOL        MYDATA
  D:0080H         SYMBOL        P0
  D:0090H         SYMBOL        P1
  D:00A0H         SYMBOL        P2
  D:00D0H         SYMBOL        PSW
  C:003CH         SYMBOL        RECEIVE_SIGNAL
  C:0024H         SYMBOL        RESTART_TIME
  C:0033H         SYMBOL        RESTART_TIME_2
  C:0015H         SYMBOL        SETUP_TIME
  C:00B0H         SYMBOL        SHOW_NUM
  C:0096H         SYMBOL        SIG_H_D
  C:006CH         SYMBOL        SIG_H_I
  C:008AH         SYMBOL        SIG_M_D
  C:0060H         SYMBOL        SIG_M_I
  C:0054H         SYMBOL        TIME_CONDITION
BL51 BANKED LINKER/LOCATER V6.22.2.0                                                  05/04/2023  21:03:41  PAGE 2


  C:008AH         SYMBOL        TIME_CONDITION_2
  C:0000H         LINE#         2
  C:0003H         LINE#         5
  C:0006H         LINE#         6
  C:0009H         LINE#         7
  C:000CH         LINE#         8
  C:000EH         LINE#         9
  C:0010H         LINE#         10
  C:0012H         LINE#         13
  C:0015H         LINE#         15
  C:0017H         LINE#         16
  C:0019H         LINE#         17
  C:001BH         LINE#         18
  C:001DH         LINE#         19
  C:001FH         LINE#         20
  C:0021H         LINE#         21
  C:0024H         LINE#         24
  C:0026H         LINE#         25
  C:0028H         LINE#         26
  C:002AH         LINE#         27
  C:002CH         LINE#         28
  C:002EH         LINE#         29
  C:0030H         LINE#         30
  C:0033H         LINE#         33
  C:0035H         LINE#         34
  C:0037H         LINE#         35
  C:003AH         LINE#         38
  C:003CH         LINE#         40
  C:003FH         LINE#         41
  C:0042H         LINE#         42
  C:0045H         LINE#         43
  C:0048H         LINE#         44
  C:004BH         LINE#         45
  C:004EH         LINE#         46
  C:0050H         LINE#         48
  C:0052H         LINE#         49
  C:0054H         LINE#         52
  C:0055H         LINE#         53
  C:0058H         LINE#         54
  C:005AH         LINE#         55
  C:005BH         LINE#         56
  C:005EH         LINE#         57
  C:0060H         LINE#         60
  C:0061H         LINE#         61
  C:0064H         LINE#         62
  C:0066H         LINE#         63
  C:0067H         LINE#         64
  C:006AH         LINE#         65
  C:006CH         LINE#         68
  C:006DH         LINE#         69
  C:006FH         LINE#         70
  C:0071H         LINE#         71
  C:0073H         LINE#         74
  C:0074H         LINE#         75
  C:0077H         LINE#         76
  C:0079H         LINE#         77
  C:007BH         LINE#         80
BL51 BANKED LINKER/LOCATER V6.22.2.0                                                  05/04/2023  21:03:41  PAGE 3


  C:007CH         LINE#         81
  C:007FH         LINE#         82
  C:0081H         LINE#         83
  C:0083H         LINE#         86
  C:0084H         LINE#         87
  C:0087H         LINE#         88
  C:008AH         LINE#         92
  C:008BH         LINE#         93
  C:008EH         LINE#         94
  C:0090H         LINE#         95
  C:0091H         LINE#         96
  C:0094H         LINE#         97
  C:0096H         LINE#         100
  C:0097H         LINE#         101
  C:0099H         LINE#         102
  C:009BH         LINE#         103
  C:009DH         LINE#         105
  C:009EH         LINE#         106
  C:00A1H         LINE#         107
  C:00A3H         LINE#         108
  C:00A5H         LINE#         111
  C:00A6H         LINE#         112
  C:00A9H         LINE#         115
  C:00AAH         LINE#         116
  C:00ADH         LINE#         117
  C:00B0H         LINE#         120
  C:00B2H         LINE#         121
  C:00B5H         LINE#         123
  C:00B6H         LINE#         124
  C:00B7H         LINE#         125
  C:00B9H         LINE#         126
  C:00BBH         LINE#         127
  C:00BDH         LINE#         128
  C:00BFH         LINE#         130
  C:00C0H         LINE#         131
  C:00C1H         LINE#         132
  C:00C3H         LINE#         133
  C:00C5H         LINE#         134
  C:00C7H         LINE#         135
  C:00C9H         LINE#         137
  C:00CAH         LINE#         138
  C:00CBH         LINE#         139
  C:00CDH         LINE#         140
  C:00CFH         LINE#         141
  C:00D1H         LINE#         142
  C:00D3H         LINE#         144
  C:00D4H         LINE#         145
  C:00D5H         LINE#         146
  C:00D7H         LINE#         147
  C:00D9H         LINE#         148
  C:00DBH         LINE#         149
  C:00DDH         LINE#         151
  C:00DEH         LINE#         152
  C:00DFH         LINE#         153
  C:00E1H         LINE#         154
  C:00E3H         LINE#         155
  C:00E5H         LINE#         156
BL51 BANKED LINKER/LOCATER V6.22.2.0                                                  05/04/2023  21:03:41  PAGE 4


  C:00E7H         LINE#         158
  C:00E8H         LINE#         159
  C:00E9H         LINE#         160
  C:00EBH         LINE#         161
  C:00EDH         LINE#         162
  C:00EFH         LINE#         163
  C:00F1H         LINE#         165
  C:00F3H         LINE#         166
  C:00F4H         LINE#         169
  C:00F6H         LINE#         170
  C:00F8H         LINE#         171
  C:00FAH         LINE#         172
  C:00FCH         LINE#         173
  C:00FEH         LINE#         174
  C:0100H         LINE#         175
  -------         ENDMOD        CODE_CLOCK_WORK

Program Size: data=8.0 xdata=0 code=778
LINK/LOCATE RUN COMPLETE.  0 WARNING(S),  0 ERROR(S)
